// Jest Snapshot v1, https://goo.gl/fbAQLP

exports[`should add list options to cli 1`] = `
Array [
  "foo list <options>

List Options:
  --all, -a   Show done todos that are normally hidden[boolean] [default: false]
  --json      Show information as a JSON array        [boolean] [default: false]
  --long, -l  Show extended information               [boolean] [default: false]

Options:
  --help     Show help                                                 [boolean]
  --version  Show version number                                       [boolean]",
]
`;
