// Jest Snapshot v1, https://goo.gl/fbAQLP

exports[`'--help' should print todolist help 1`] = `
"Usage: index.js <command> [options]

Options:
  -h, --help     Show help                                             [boolean]
  -v, --version  Show version number                                   [boolean]"
`;
