// Jest Snapshot v1, https://goo.gl/fbAQLP

exports[`should display main help 2`] = `
"Usage: test <command> [options]

Options:
  -h, --help     Show help                                             [boolean]
  -v, --version  Show version number                                   [boolean]

A command is required. Pass --help to see all available commands and options."
`;
